This is pdfTeX, Version 3.141592653-2.6-1.40.22 (TeX Live 2022/dev/Debian) (preloaded format=pdflatex 2026.9.27)  27 SEP 2026 16:01
entering extended mode
 restricted \write18 enabled.
 %&-line parsing enabled.
**main.tex
(./main.tex
LaTeX2e <2021-11-15> patch level 1
L3 programming layer <2022-01-21>
(/usr/share/texlive/texmf-dist/tex/latex/base/article.cls
Document Class: article 2021/10/04 v1.4n Standard LaTeX document class
(/usr/share/texlive/texmf-dist/tex/latex/base/size12.clo
File: size12.clo 2021/10/04 v1.4n Standard LaTeX file (size option)
)
\c@part=\count185
\c@section=\count186
\c@subsection=\count187
\c@subsubsection=\count188
\c@paragraph=\count189
\c@subparagraph=\count190
\c@figure=\count191
\c@table=\count192
\abovecaptionskip=\skip47
\belowcaptionskip=\skip48
\bibindent=\dimen138
)
(/usr/share/texlive/texmf-dist/tex/latex/base/fontenc.sty
Package: fontenc 2021/04/29 v2.0v Standard LaTeX package
)
(/usr/share/texlive/texmf-dist/tex/latex/psnfss/mathptmx.sty
Package: mathptmx 2020/03/25 PSNFSS-v9.3 Times w/ Math, improved (SPQR, WaS) 
LaTeX Font Info:    Redeclaring symbol font `operators' on input line 28.
LaTeX Font Info:    Overwriting symbol font `operators' in version `normal'
(Font)                  OT1/cmr/m/n --> OT1/ztmcm/m/n on input line 28.
LaTeX Font Info:    Overwriting symbol font `operators' in version `bold'
(Font)                  OT1/cmr/bx/n --> OT1/ztmcm/m/n on input line 28.
LaTeX Font Info:    Redeclaring symbol font `letters' on input line 29.
LaTeX Font Info:    Overwriting symbol font `letters' in version `normal'
(Font)                  OML/cmm/m/it --> OML/ztmcm/m/it on input line 29.
LaTeX Font Info:    Overwriting symbol font `letters' in version `bold'
(Font)                  OML/cmm/b/it --> OML/ztmcm/m/it on input line 29.
LaTeX Font Info:    Redeclaring symbol font `symbols' on input line 30.
LaTeX Font Info:    Overwriting symbol font `symbols' in version `normal'
(Font)                  OMS/cmsy/m/n --> OMS/ztmcm/m/n on input line 30.
LaTeX Font Info:    Overwriting symbol font `symbols' in version `bold'
(Font)                  OMS/cmsy/b/n --> OMS/ztmcm/m/n on input line 30.
LaTeX Font Info:    Redeclaring symbol font `largesymbols' on input line 31.
LaTeX Font Info:    Overwriting symbol font `largesymbols' in version `normal'
(Font)                  OMX/cmex/m/n --> OMX/ztmcm/m/n on input line 31.
LaTeX Font Info:    Overwriting symbol font `largesymbols' in version `bold'
(Font)                  OMX/cmex/m/n --> OMX/ztmcm/m/n on input line 31.
\symbold=\mathgroup4
\symitalic=\mathgroup5
LaTeX Font Info:    Redeclaring math alphabet \mathbf on input line 34.
LaTeX Font Info:    Overwriting math alphabet `\mathbf' in version `normal'
(Font)                  OT1/cmr/bx/n --> OT1/ptm/bx/n on input line 34.
LaTeX Font Info:    Overwriting math alphabet `\mathbf' in version `bold'
(Font)                  OT1/cmr/bx/n --> OT1/ptm/bx/n on input line 34.
LaTeX Font Info:    Redeclaring math alphabet \mathit on input line 35.
LaTeX Font Info:    Overwriting math alphabet `\mathit' in version `normal'
(Font)                  OT1/cmr/m/it --> OT1/ptm/m/it on input line 35.
LaTeX Font Info:    Overwriting math alphabet `\mathit' in version `bold'
(Font)                  OT1/cmr/bx/it --> OT1/ptm/m/it on input line 35.
LaTeX Info: Redefining \hbar on input line 50.
)
(/usr/share/texlive/texmf-dist/tex/latex/geometry/geometry.sty
Package: geometry 2020/01/02 v5.9 Page Geometry

(/usr/share/texlive/texmf-dist/tex/latex/graphics/keyval.sty
Package: keyval 2014/10/28 v1.15 key=value parser (DPC)
\KV@toks@=\toks16
)
(/usr/share/texlive/texmf-dist/tex/generic/iftex/ifvtex.sty
Package: ifvtex 2019/10/25 v1.7 ifvtex legacy package. Use iftex instead.

(/usr/share/texlive/texmf-dist/tex/generic/iftex/iftex.sty
Package: iftex 2020/03/06 v1.0d TeX engine tests
))
\Gm@cnth=\count193
\Gm@cntv=\count194
\c@Gm@tempcnt=\count195
\Gm@bindingoffset=\dimen139
\Gm@wd@mp=\dimen140
\Gm@odd@mp=\dimen141
\Gm@even@mp=\dimen142
\Gm@layoutwidth=\dimen143
\Gm@layoutheight=\dimen144
\Gm@layouthoffset=\dimen145
\Gm@layoutvoffset=\dimen146
\Gm@dimlist=\toks17
)
(/usr/share/texlive/texmf-dist/tex/latex/amsmath/amsmath.sty
Package: amsmath 2021/10/15 v2.17l AMS math features
\@mathmargin=\skip49

For additional information on amsmath, use the `?' option.
(/usr/share/texlive/texmf-dist/tex/latex/amsmath/amstext.sty
Package: amstext 2021/08/26 v2.01 AMS text

(/usr/share/texlive/texmf-dist/tex/latex/amsmath/amsgen.sty
File: amsgen.sty 1999/11/30 v2.0 generic functions
\@emptytoks=\toks18
\ex@=\dimen147
))
(/usr/share/texlive/texmf-dist/tex/latex/amsmath/amsbsy.sty
Package: amsbsy 1999/11/29 v1.2d Bold Symbols
\pmbraise@=\dimen148
)
(/usr/share/texlive/texmf-dist/tex/latex/amsmath/amsopn.sty
Package: amsopn 2021/08/26 v2.02 operator names
)
\inf@bad=\count196
LaTeX Info: Redefining \frac on input line 234.
\uproot@=\count197
\leftroot@=\count198
LaTeX Info: Redefining \overline on input line 399.
\classnum@=\count199
\DOTSCASE@=\count266
LaTeX Info: Redefining \ldots on input line 496.
LaTeX Info: Redefining \dots on input line 499.
LaTeX Info: Redefining \cdots on input line 620.
\Mathstrutbox@=\box50
\strutbox@=\box51
\big@size=\dimen149
LaTeX Font Info:    Redeclaring font encoding OML on input line 743.
LaTeX Font Info:    Redeclaring font encoding OMS on input line 744.
\macc@depth=\count267
\c@MaxMatrixCols=\count268
\dotsspace@=\muskip16
\c@parentequation=\count269
\dspbrk@lvl=\count270
\tag@help=\toks19
\row@=\count271
\column@=\count272
\maxfields@=\count273
\andhelp@=\toks20
\eqnshift@=\dimen150
\alignsep@=\dimen151
\tagshift@=\dimen152
\tagwidth@=\dimen153
\totwidth@=\dimen154
\lineht@=\dimen155
\@envbody=\toks21
\multlinegap=\skip50
\multlinetaggap=\skip51
\mathdisplay@stack=\toks22
LaTeX Info: Redefining \[ on input line 2938.
LaTeX Info: Redefining \] on input line 2939.
)
(/usr/share/texlive/texmf-dist/tex/latex/amsfonts/amssymb.sty
Package: amssymb 2013/01/14 v3.01 AMS font symbols

(/usr/share/texlive/texmf-dist/tex/latex/amsfonts/amsfonts.sty
Package: amsfonts 2013/01/14 v3.01 Basic AMSFonts support
\symAMSa=\mathgroup6
\symAMSb=\mathgroup7
LaTeX Font Info:    Overwriting math alphabet `\mathfrak' in version `bold'
(Font)                  U/euf/m/n --> U/euf/b/n on input line 106.
))
LaTeX Font Info:    Trying to load font information for T1+ptm on input line 11
.

(/usr/share/texlive/texmf-dist/tex/latex/psnfss/t1ptm.fd
File: t1ptm.fd 2001/06/04 font definitions for T1/ptm.
)
(/usr/share/texlive/texmf-dist/tex/latex/l3backend/l3backend-pdftex.def
File: l3backend-pdftex.def 2022-01-12 L3 backend support: PDF output (pdfTeX)
\l__color_backend_stack_int=\count274
\l__pdf_internal_box=\box52
)
(./main.aux)
\openout1 = `main.aux'.

LaTeX Font Info:    Checking defaults for OML/cmm/m/it on input line 11.
LaTeX Font Info:    ... okay on input line 11.
LaTeX Font Info:    Checking defaults for OMS/cmsy/m/n on input line 11.
LaTeX Font Info:    ... okay on input line 11.
LaTeX Font Info:    Checking defaults for OT1/cmr/m/n on input line 11.
LaTeX Font Info:    ... okay on input line 11.
LaTeX Font Info:    Checking defaults for T1/cmr/m/n on input line 11.
LaTeX Font Info:    ... okay on input line 11.
LaTeX Font Info:    Checking defaults for TS1/cmr/m/n on input line 11.
LaTeX Font Info:    ... okay on input line 11.
LaTeX Font Info:    Checking defaults for OMX/cmex/m/n on input line 11.
LaTeX Font Info:    ... okay on input line 11.
LaTeX Font Info:    Checking defaults for U/cmr/m/n on input line 11.
LaTeX Font Info:    ... okay on input line 11.

*geometry* driver: auto-detecting
*geometry* detected driver: pdftex
*geometry* verbose mode - [ preamble ] result:
* driver: pdftex
* paper: a4paper
* layout: <same size as paper>
* layoutoffset:(h,v)=(0.0pt,0.0pt)
* modes: 
* h-part:(L,W,R)=(72.26999pt, 452.9679pt, 72.26999pt)
* v-part:(T,H,B)=(72.26999pt, 700.50687pt, 72.26999pt)
* \paperwidth=597.50787pt
* \paperheight=845.04684pt
* \textwidth=452.9679pt
* \textheight=700.50687pt
* \oddsidemargin=0.0pt
* \evensidemargin=0.0pt
* \topmargin=-37.0pt
* \headheight=12.0pt
* \headsep=25.0pt
* \topskip=12.0pt
* \footskip=30.0pt
* \marginparwidth=35.0pt
* \marginparsep=10.0pt
* \columnsep=10.0pt
* \skip\footins=10.8pt plus 4.0pt minus 2.0pt
* \hoffset=0.0pt
* \voffset=0.0pt
* \mag=1000
* \@twocolumnfalse
* \@twosidefalse
* \@mparswitchfalse
* \@reversemarginfalse
* (1in=72.27pt=25.4mm, 1cm=28.453pt)

LaTeX Font Info:    Trying to load font information for OT1+ztmcm on input line
 12.
(/usr/share/texlive/texmf-dist/tex/latex/psnfss/ot1ztmcm.fd
File: ot1ztmcm.fd 2000/01/03 Fontinst v1.801 font definitions for OT1/ztmcm.
)
LaTeX Font Info:    Trying to load font information for OML+ztmcm on input line
 12.

(/usr/share/texlive/texmf-dist/tex/latex/psnfss/omlztmcm.fd
File: omlztmcm.fd 2000/01/03 Fontinst v1.801 font definitions for OML/ztmcm.
)
LaTeX Font Info:    Trying to load font information for OMS+ztmcm on input line
 12.

(/usr/share/texlive/texmf-dist/tex/latex/psnfss/omsztmcm.fd
File: omsztmcm.fd 2000/01/03 Fontinst v1.801 font definitions for OMS/ztmcm.
)
LaTeX Font Info:    Trying to load font information for OMX+ztmcm on input line
 12.

(/usr/share/texlive/texmf-dist/tex/latex/psnfss/omxztmcm.fd
File: omxztmcm.fd 2000/01/03 Fontinst v1.801 font definitions for OMX/ztmcm.
)
LaTeX Font Info:    Trying to load font information for OT1+ptm on input line 1
2.

(/usr/share/texlive/texmf-dist/tex/latex/psnfss/ot1ptm.fd
File: ot1ptm.fd 2001/06/04 font definitions for OT1/ptm.
)
LaTeX Font Info:    Font shape `OT1/ptm/bx/n' in size <14.4> not available
(Font)              Font shape `OT1/ptm/b/n' tried instead on input line 12.
LaTeX Font Info:    Font shape `OT1/ptm/bx/n' in size <10.95> not available
(Font)              Font shape `OT1/ptm/b/n' tried instead on input line 12.
LaTeX Font Info:    Font shape `OT1/ptm/bx/n' in size <8> not available
(Font)              Font shape `OT1/ptm/b/n' tried instead on input line 12.

(./background_expansion.tex
Overfull \hbox (3.49669pt too wide) in paragraph at lines 1--1
[]\T1/ptm/b/n/17.28 Background: The Bi-ol-ogy of Ex-treme Ra-di-a-tion Re-sis-t
ance 
 []

[1

{/var/lib/texmf/fonts/map/pdftex/updmap/pdftex.map}]

LaTeX Warning: Reference `sec:stresspanel' on page 2 undefined on input line 75
.

[2]
LaTeX Font Info:    Font shape `OT1/ptm/bx/n' in size <12> not available
(Font)              Font shape `OT1/ptm/b/n' tried instead on input line 84.
LaTeX Font Info:    Font shape `OT1/ptm/bx/n' in size <9> not available
(Font)              Font shape `OT1/ptm/b/n' tried instead on input line 84.
LaTeX Font Info:    Font shape `OT1/ptm/bx/n' in size <7> not available
(Font)              Font shape `OT1/ptm/b/n' tried instead on input line 84.

Overfull \hbox (4.0946pt too wide) in paragraph at lines 81--101
\T1/ptm/m/n/12 sis-tance ex-ists; bdel-loid ro-tifers com-bine desiccation-link
ed an-tiox-i-dant de-fense with horizontal-
 []

)
Overfull \hbox (5.49965pt too wide) in paragraph at lines 21--22
\T1/ptm/m/n/12 Adineta vaga [ori-gin 3: Bdel-loidea]) vs 6 sen-si-tive con-trol
s (Ther-mus aquati-cus, T. ther-mophilus,
 []


Overfull \hbox (1.38347pt too wide) in paragraph at lines 21--22
\T1/ptm/m/n/12 Mil-ne-sium tardi-gradum has no ref-er-ence as-sem-bly; Tardigra
da ori-gin is single-proteome (power
 []

[3]
Overfull \hbox (3.52032pt too wide) in paragraph at lines 25--26
\T1/ptm/m/n/12 by 1000 la-bel per-mu-ta-tions with per-orthogroup em-pir-i-cal 
$\OML/ztmcm/m/it/12 p$\T1/ptm/m/n/12 , af-ter W03's power anal-y-sis showed
 []

[4]
Overfull \hbox (4.84344pt too wide) in paragraph at lines 70--72
\OT1/ptm/b/n/12 1\OT1/ztmcm/m/n/12 [[](\OML/ztmcm/m/it/12 g\OT1/ztmcm/m/n/12 ) 
\OMS/ztmcm/m/n/12 ^^U \OT1/ztmcm/m/n/12 2]$ \T1/ptm/m/n/12 (em-pir-i-cal per-mu
-ta-tion $\OML/ztmcm/m/it/12 p$ \T1/ptm/m/n/12 and independent-origin repli-ca-
tion, equa-tions above);
 []

[5]
LaTeX Font Info:    Font shape `OT1/ptm/bx/n' in size <6> not available
(Font)              Font shape `OT1/ptm/b/n' tried instead on input line 90.

Overfull \hbox (75.09875pt too wide) in paragraph at lines 90--108
 [][] 
 []


Overfull \hbox (0.91661pt too wide) in paragraph at lines 113--113
[]\T1/ptm/b/n/14.4 Specificity layer on the ex-tended panel (amend-ment 2026-09
-26, 13:18
 []

[6]
Overfull \hbox (4.07193pt too wide) in paragraph at lines 118--119
\T1/ptm/m/n/12 PAD-porphyrin bind-ing pro-tein, GNAT acetyl-trans-ferase, DHH/D
HHA2 phos-pho-esterase, HAD
 []


Overfull \hbox (2.88997pt too wide) in paragraph at lines 121--121
[]\T1/ptm/b/n/14.4 Domain-level or-thog-o-nal con-fir-ma-tion (amend-ment 2026-
09-26, 20:21
 []

[7] [8]
Overfull \hbox (18.25288pt too wide) in paragraph at lines 146--146
[]\T1/ptm/b/n/14.4 The Iden-ti-fi-a-bil-ity Score: what this panel can and can-
not de-cide (amend-
 []

LaTeX Font Info:    Font shape `OT1/ptm/bx/n' in size <5> not available
(Font)              Font shape `OT1/ptm/b/n' tried instead on input line 171.
[9] [10]
Overfull \hbox (20.71408pt too wide) in paragraph at lines 204--204
[]\T1/ptm/b/n/14.4 Radiation-specific or gen-eral stress? A clas-si-fi-ca-tion 
power limit (amend-
 []

[11]
Overfull \hbox (211.76186pt too wide) in paragraph at lines 216--234
 [][] 
 []


LaTeX Warning: `h' float specifier changed to `ht'.

[12]
Overfull \hbox (33.41306pt too wide) in paragraph at lines 242--243
\T1/ptm/m/n/12 ra-diotol-er-ans (GCF_014191015.1, 4,368 pro-teins) and Rubrobac
-ter ra-diotol-er-ans (GCF_033842665.1,
 []


Overfull \hbox (35.06711pt too wide) in paragraph at lines 242--243
\T1/ptm/m/n/12 3,244 pro-teins) - acti-nobac-te-rial ra-diore-sis-tance, phy-lo
-ge-net-i-cally out-side Deinococ-caceae, Tardigrada,
 []


Overfull \hbox (132.55374pt too wide) in paragraph at lines 242--243
\T1/ptm/m/n/12 ledgered; re-sults/h_kineococcus_radiotolerans_confirmation.json
, re-sults/h_rubrobacter_radiotolerans_confirmation.json).
 []


Overfull \hbox (33.79688pt too wide) in paragraph at lines 242--243
\T1/ptm/m/n/12 bdelloid-originating pair UJR26281.1 and UJR28130.1 and the D. g
eother-malis pair WP_272975981.1
 []

[13]
Overfull \hbox (54.35126pt too wide) in paragraph at lines 250--251
\T1/ptm/m/n/12 ship from data/candidate_orthologs_ledger.json; all out-comes in
 re-sults/h13a_divergence_expansion.json).
 []


Overfull \hbox (4.08394pt too wide) in paragraph at lines 250--251
\T1/ptm/m/n/12 0.348) - de-tectable but not deep con-ser-va-tion, con-sis-tent 
with domain-level rather than sequence-
 []

[14]
Overfull \hbox (63.44586pt too wide) in paragraph at lines 254--255
\T1/ptm/m/n/12 with the iden-ti-cal Fitch statis-tic and a 2,000-shuffle within
-strata null (re-sults/h15_topology_sensitivity.json).
 []


Overfull \hbox (21.73563pt too wide) in paragraph at lines 258--259
\T1/ptm/m/n/12 T. aquati-cus, T. ther-mophilus) were scanned un-der the iden-ti
-cal h3 rule (re-sults/h18_control_*.json):
 []


Overfull \hbox (98.27051pt too wide) in paragraph at lines 262--263
\T1/ptm/m/n/12 no-type level over the com-mit-ted 20-species panel be-fore any 
screen (re-sults/h16_generalization_identifiability.json):
 []

[15]
Overfull \hbox (6.81972pt too wide) in paragraph at lines 266--267
\T1/ptm/m/n/12 rules (re-sults/h14_expression_integration.json). Candidate-to-o
rtholog map-ping used a se-quence
 []


Overfull \hbox (7.5889pt too wide) in paragraph at lines 266--267
\T1/ptm/m/n/12 at 3.42). \T1/ptm/b/n/12 En-rich-ment (hon-est neg-a-tive): \T1/
ptm/m/n/12 57% of the genome is in-duced af-ter 10 kGy (1777/3107
 []

[16]
LaTeX Font Info:    Trying to load font information for T1+cmtt on input line 2
78.
 (/usr/share/texlive/texmf-dist/tex/latex/base/t1cmtt.fd
File: t1cmtt.fd 2019/12/16 v2.5j Standard LaTeX font definitions
)
Overfull \hbox (25.84706pt too wide) in paragraph at lines 278--279
\T1/ptm/m/n/12 sha256 in \T1/cmtt/m/n/12 data/panel_accessions.json\T1/ptm/m/n/
12 ), the 64 Pfam HMMs (\T1/cmtt/m/n/12 data/pfam_accessions.json\T1/ptm/m/n/12
 ),
 []


Overfull \hbox (144.62717pt too wide) in paragraph at lines 278--279
\T1/ptm/m/n/12 the 77 candidate-cluster or-tholog se-quences and the 9-family S
$[]$ ref-er-ence set (\T1/cmtt/m/n/12 data/candidate_orthologs_ledger.json\T1/p
tm/m/n/12 ,
 []


Overfull \hbox (154.64731pt too wide) in paragraph at lines 278--279
\T1/cmtt/m/n/12 data/splus_reference/splus_ledger.json\T1/ptm/m/n/12 ); (ii) \T
1/ptm/b/n/12 or-thogroup ta-bles \T1/ptm/m/n/12 - \T1/cmtt/m/n/12 results/ortho
logy/clusters_sensitive.tsv
 []


Overfull \hbox (14.1874pt too wide) in paragraph at lines 278--279
\T1/ptm/b/n/12 pute scripts \T1/ptm/m/n/12 - \T1/cmtt/m/n/12 analysis/formal_te
sts.py \T1/ptm/m/n/12 (H1 screen), \T1/cmtt/m/n/12 analysis/h8b_genomewide_fdr.
py\T1/ptm/m/n/12 ,
 []


Overfull \hbox (36.57495pt too wide) in paragraph at lines 278--279
\T1/cmtt/m/n/12 src/h4b_extended.py\T1/ptm/m/n/12 , \T1/cmtt/m/n/12 src/h12_str
ess_specificity.py\T1/ptm/m/n/12 , \T1/cmtt/m/n/12 analysis/h9_b2_domain_only.p
y\T1/ptm/m/n/12 ;
 []


Overfull \hbox (73.46086pt too wide) in paragraph at lines 278--279
\T1/ptm/m/n/12 (\T1/cmtt/m/n/12 *_buggy_20260926.json\T1/ptm/m/n/12 ) for the a
u-dit trail; and (vii) \T1/ptm/b/n/12 the pre-registration ledger \T1/ptm/m/n/1
2 - \T1/cmtt/m/n/12 PRE-REGISTRATION.md
 []

[17] (./main.aux)

LaTeX Warning: There were undefined references.

 ) 
Here is how much of TeX's memory you used:
 2744 strings out of 480247
 39189 string characters out of 5896151
 337976 words of memory out of 5000000
 20640 multiletter control sequences out of 15000+600000
 561301 words of font info for 156 fonts, out of 8000000 for 9000
 14 hyphenation exceptions out of 8191
 55i,11n,62p,1860b,264s stack positions out of 5000i,500n,10000p,200000b,80000s
 </home/sandbox/.texlive2021/texmf-var/fonts/pk/ljfour/jknappen/ec/ectt1200.6
00pk>{/usr/share/texlive/texmf-dist/fonts/enc/dvips/base/8r.enc}</usr/share/tex
live/texmf-dist/fonts/type1/public/amsfonts/cm/cmex10.pfb></usr/share/texlive/t
exmf-dist/fonts/type1/public/amsfonts/cm/cmmi10.pfb></usr/share/texlive/texmf-d
ist/fonts/type1/public/amsfonts/cm/cmr10.pfb></usr/share/texlive/texmf-dist/fon
ts/type1/public/amsfonts/cm/cmsy10.pfb></usr/share/texlive/texmf-dist/fonts/typ
e1/public/amsfonts/symbols/msbm10.pfb></usr/share/texlive/texmf-dist/fonts/type
1/public/rsfs/rsfs10.pfb></usr/share/texlive/texmf-dist/fonts/type1/urw/symbol/
usyr.pfb></usr/share/texlive/texmf-dist/fonts/type1/urw/symbol/usyr.pfb></usr/s
hare/texlive/texmf-dist/fonts/type1/urw/times/utmb8a.pfb></usr/share/texlive/te
xmf-dist/fonts/type1/urw/times/utmbi8a.pfb></usr/share/texlive/texmf-dist/fonts
/type1/urw/times/utmr8a.pfb></usr/share/texlive/texmf-dist/fonts/type1/urw/time
s/utmri8a.pfb>
Output written on main.pdf (17 pages, 190406 bytes).
PDF statistics:
 171 PDF objects out of 1000 (max. 8388607)
 80 compressed objects within 1 object stream
 0 named destinations out of 1000 (max. 500000)
 1 words of extra memory for PDF output out of 10000 (max. 10000000)

